C51 COMPILER V9.60.0.0   MAIN                                                              03/07/2022 13:33:44 PAGE 1   


C51 COMPILER V9.60.0.0, COMPILATION OF MODULE MAIN
OBJECT MODULE PLACED IN .\Objects\Main.obj
COMPILER INVOKED BY: D:\Keil\C51\BIN\C51.EXE Main.c OPTIMIZE(8,SPEED) BROWSE INCDIR(..\STC12C5A16AD) DEBUG OBJECTEXTEND 
                    -PRINT(.\Listings\Main.lst) TABS(2) OBJECT(.\Objects\Main.obj)

line level    source

   1          #include "Main.h"
   2          
   3          //全局变量定义
   4          bit F_Run, P_Run, F_Flag, T_Flag, XD_Run;
   5          uchar temp1;
   6          uchar P_RomFlag;
   7          uchar F_Step, P_Step;
   8          uchar idata R_Data[24], R_Num, R_CL;
   9          uchar P_Rom[19];
  10          unsigned long idata WaitTime;
  11          uchar M_D;
  12          uchar F_Motor[16];
  13          uchar DW_Flag[16];
  14          uchar idata DW_XZ[33];
  15          uchar DW[17];
  16          uchar T_ROM_D0;
  17          uchar T_ROM_D1;
  18          uchar T_ROM_D2;
  19          uchar F_ROM_Set;
  20          uchar F_ROM_Temp;
  21          uint T_Step;
  22          uchar T_YZ;
  23          uchar SendCRC;
  24          uint YK_Delay;
  25          uint HW_Delay;
  26          uint XD_Delay;
  27          //////////////////////////////////////////////////////
  28          
  29          void HardwareInit() //硬件初始
  30          {
  31   1        TIM_Init();
  32   1        UartInit();
  33   1      }
  34          
  35          void DataInit() //数据初始化
  36          {
  37   1        P_Run = 1;
  38   1        P_Step = 1;
  39   1      }
  40          
  41          void main()
  42          {
  43   1        HardwareInit();
  44   1        DataInit();
  45   1        while (1)
  46   1        {
  47   2          MainCycle();
  48   2        }
  49   1      }
  50          
  51          void T0_Isr() interrupt 1 //时钟
  52          {
  53   1        TH0 = T0Time >> 8;
  54   1        TL0 = T0Time;
C51 COMPILER V9.60.0.0   MAIN                                                              03/07/2022 13:33:44 PAGE 2   

  55   1        TF0 = 0;
  56   1        temp1++;
  57   1        if (HW_Delay > 0)
  58   1          HW_Delay--;
  59   1        if (YK_Delay > 0)
  60   1          YK_Delay--;
  61   1        XD_Run ? (XD_Delay++) : (XD_Delay = 0);
  62   1        if (F_Run == 1 && P_Run == 0 && WaitTime != 0)
  63   1        {
  64   2          WaitTime--;
  65   2        }
  66   1      }


MODULE INFORMATION:   STATIC OVERLAYABLE
   CODE SIZE        =    194    ----
   CONSTANT SIZE    =   ----    ----
   XDATA SIZE       =   ----    ----
   PDATA SIZE       =   ----    ----
   DATA SIZE        =     88    ----
   IDATA SIZE       =     63    ----
   BIT SIZE         =      5    ----
END OF MODULE INFORMATION.


C51 COMPILATION COMPLETE.  0 WARNING(S),  0 ERROR(S)
