C51 COMPILER V9.60.0.0   STATE                                                             03/01/2022 16:39:56 PAGE 1   


C51 COMPILER V9.60.0.0, COMPILATION OF MODULE STATE
OBJECT MODULE PLACED IN .\Objects\State.obj
COMPILER INVOKED BY: D:\Keil_v5\C51\BIN\C51.EXE State.c OPTIMIZE(8,SPEED) BROWSE INCDIR(..\STC12C5A16AD) DEBUG OBJECTEXT
                    -END PRINT(.\Listings\State.lst) TABS(1) OBJECT(.\Objects\State.obj)

line level    source

   1          #include "State.h"
   2          
   3          void MainCycle()
   4          {
   5   1          KeyTrigger();
   6   1          if (F_Run)
   7   1          {
   8   2              ProgramRun();
   9   2              PositioningSignal();
  10   2              Motor_Set();
  11   2          }
  12   1      }


MODULE INFORMATION:   STATIC OVERLAYABLE
   CODE SIZE        =     16    ----
   CONSTANT SIZE    =   ----    ----
   XDATA SIZE       =   ----    ----
   PDATA SIZE       =   ----    ----
   DATA SIZE        =   ----    ----
   IDATA SIZE       =   ----    ----
   BIT SIZE         =   ----    ----
END OF MODULE INFORMATION.


C51 COMPILATION COMPLETE.  0 WARNING(S),  0 ERROR(S)
